Archive member included to satisfy reference by file (symbol)

c:/program files (x86)/atmel/studio/7.0/toolchain/avr8/avr8-gnu-toolchain/bin/../lib/gcc/avr/5.4.0/avr5\libgcc.a(_udivmodsi4.o)
                              SPI.o (__udivmodsi4)
c:/program files (x86)/atmel/studio/7.0/toolchain/avr8/avr8-gnu-toolchain/bin/../lib/gcc/avr/5.4.0/avr5\libgcc.a(_exit.o)
                              C:/Program Files (x86)/Atmel/Studio/7.0/Packs/atmel/ATmega_DFP/1.6.364/gcc/dev/atmega324pb/avr5/crtatmega324pb.o (exit)
c:/program files (x86)/atmel/studio/7.0/toolchain/avr8/avr8-gnu-toolchain/bin/../lib/gcc/avr/5.4.0/avr5\libgcc.a(_clear_bss.o)
                              UART_Print.o (__do_clear_bss)

Discarded input sections

 .data          0x00000000        0x0 C:/Program Files (x86)/Atmel/Studio/7.0/Packs/atmel/ATmega_DFP/1.6.364/gcc/dev/atmega324pb/avr5/crtatmega324pb.o
 .bss           0x00000000        0x0 C:/Program Files (x86)/Atmel/Studio/7.0/Packs/atmel/ATmega_DFP/1.6.364/gcc/dev/atmega324pb/avr5/crtatmega324pb.o
 .text          0x00000000        0x0 Ex6Funcs.o
 .data          0x00000000        0x0 Ex6Funcs.o
 .bss           0x00000000        0x0 Ex6Funcs.o
 .text.Display_Binary_On_LEDs
                0x00000000       0x36 Ex6Funcs.o
 .debug_info    0x00000000      0x142 Ex6Funcs.o
 .debug_abbrev  0x00000000       0xbd Ex6Funcs.o
 .debug_loc     0x00000000       0x5e Ex6Funcs.o
 .debug_aranges
                0x00000000       0x20 Ex6Funcs.o
 .debug_ranges  0x00000000       0x10 Ex6Funcs.o
 .debug_line    0x00000000       0xe9 Ex6Funcs.o
 .debug_str     0x00000000      0x1cb Ex6Funcs.o
 .comment       0x00000000       0x31 Ex6Funcs.o
 .debug_frame   0x00000000       0x2c Ex6Funcs.o
 .text          0x00000000        0x0 GPIO_Outputs.o
 .data          0x00000000        0x0 GPIO_Outputs.o
 .bss           0x00000000        0x0 GPIO_Outputs.o
 .text.Read_Inputs
                0x00000000        0x6 GPIO_Outputs.o
 .text          0x00000000        0x0 LEDS.o
 .data          0x00000000        0x0 LEDS.o
 .bss           0x00000000        0x0 LEDS.o
 .text          0x00000000        0x0 main.o
 .data          0x00000000        0x0 main.o
 .bss           0x00000000        0x0 main.o
 .text          0x00000000        0x0 OLED.o
 .data          0x00000000        0x0 OLED.o
 .bss           0x00000000        0x0 OLED.o
 .text.OLED_Set_Cursor
                0x00000000       0x62 OLED.o
 .text.OLED_Clear_Line
                0x00000000       0x40 OLED.o
 .text          0x00000000        0x0 OLED_Char_Map.o
 .data          0x00000000        0x0 OLED_Char_Map.o
 .bss           0x00000000        0x0 OLED_Char_Map.o
 .text          0x00000000        0x0 SPI.o
 .data          0x00000000        0x0 SPI.o
 .bss           0x00000000        0x0 SPI.o
 .text.SPI_Receive
                0x00000000       0x3a SPI.o
 .text.SPI_Transfer
                0x00000000       0x3a SPI.o
 .text          0x00000000        0x0 UART.o
 .data          0x00000000        0x0 UART.o
 .bss           0x00000000        0x0 UART.o
 .text.UART_Receive
                0x00000000        0xc UART.o
 .text          0x00000000        0x0 UART_Print.o
 .data          0x00000000        0x0 UART_Print.o
 .bss           0x00000000        0x0 UART_Print.o
 .text          0x00000000        0x0 c:/program files (x86)/atmel/studio/7.0/toolchain/avr8/avr8-gnu-toolchain/bin/../lib/gcc/avr/5.4.0/avr5\libgcc.a(_udivmodsi4.o)
 .data          0x00000000        0x0 c:/program files (x86)/atmel/studio/7.0/toolchain/avr8/avr8-gnu-toolchain/bin/../lib/gcc/avr/5.4.0/avr5\libgcc.a(_udivmodsi4.o)
 .bss           0x00000000        0x0 c:/program files (x86)/atmel/studio/7.0/toolchain/avr8/avr8-gnu-toolchain/bin/../lib/gcc/avr/5.4.0/avr5\libgcc.a(_udivmodsi4.o)
 .text.libgcc.mul
                0x00000000        0x0 c:/program files (x86)/atmel/studio/7.0/toolchain/avr8/avr8-gnu-toolchain/bin/../lib/gcc/avr/5.4.0/avr5\libgcc.a(_udivmodsi4.o)
 .text.libgcc   0x00000000        0x0 c:/program files (x86)/atmel/studio/7.0/toolchain/avr8/avr8-gnu-toolchain/bin/../lib/gcc/avr/5.4.0/avr5\libgcc.a(_udivmodsi4.o)
 .text.libgcc.prologue
                0x00000000        0x0 c:/program files (x86)/atmel/studio/7.0/toolchain/avr8/avr8-gnu-toolchain/bin/../lib/gcc/avr/5.4.0/avr5\libgcc.a(_udivmodsi4.o)
 .text.libgcc.builtins
                0x00000000        0x0 c:/program files (x86)/atmel/studio/7.0/toolchain/avr8/avr8-gnu-toolchain/bin/../lib/gcc/avr/5.4.0/avr5\libgcc.a(_udivmodsi4.o)
 .text.libgcc.fmul
                0x00000000        0x0 c:/program files (x86)/atmel/studio/7.0/toolchain/avr8/avr8-gnu-toolchain/bin/../lib/gcc/avr/5.4.0/avr5\libgcc.a(_udivmodsi4.o)
 .text.libgcc.fixed
                0x00000000        0x0 c:/program files (x86)/atmel/studio/7.0/toolchain/avr8/avr8-gnu-toolchain/bin/../lib/gcc/avr/5.4.0/avr5\libgcc.a(_udivmodsi4.o)
 .text          0x00000000        0x0 c:/program files (x86)/atmel/studio/7.0/toolchain/avr8/avr8-gnu-toolchain/bin/../lib/gcc/avr/5.4.0/avr5\libgcc.a(_exit.o)
 .data          0x00000000        0x0 c:/program files (x86)/atmel/studio/7.0/toolchain/avr8/avr8-gnu-toolchain/bin/../lib/gcc/avr/5.4.0/avr5\libgcc.a(_exit.o)
 .bss           0x00000000        0x0 c:/program files (x86)/atmel/studio/7.0/toolchain/avr8/avr8-gnu-toolchain/bin/../lib/gcc/avr/5.4.0/avr5\libgcc.a(_exit.o)
 .text.libgcc.mul
                0x00000000        0x0 c:/program files (x86)/atmel/studio/7.0/toolchain/avr8/avr8-gnu-toolchain/bin/../lib/gcc/avr/5.4.0/avr5\libgcc.a(_exit.o)
 .text.libgcc.div
                0x00000000        0x0 c:/program files (x86)/atmel/studio/7.0/toolchain/avr8/avr8-gnu-toolchain/bin/../lib/gcc/avr/5.4.0/avr5\libgcc.a(_exit.o)
 .text.libgcc   0x00000000        0x0 c:/program files (x86)/atmel/studio/7.0/toolchain/avr8/avr8-gnu-toolchain/bin/../lib/gcc/avr/5.4.0/avr5\libgcc.a(_exit.o)
 .text.libgcc.prologue
                0x00000000        0x0 c:/program files (x86)/atmel/studio/7.0/toolchain/avr8/avr8-gnu-toolchain/bin/../lib/gcc/avr/5.4.0/avr5\libgcc.a(_exit.o)
 .text.libgcc.builtins
                0x00000000        0x0 c:/program files (x86)/atmel/studio/7.0/toolchain/avr8/avr8-gnu-toolchain/bin/../lib/gcc/avr/5.4.0/avr5\libgcc.a(_exit.o)
 .text.libgcc.fmul
                0x00000000        0x0 c:/program files (x86)/atmel/studio/7.0/toolchain/avr8/avr8-gnu-toolchain/bin/../lib/gcc/avr/5.4.0/avr5\libgcc.a(_exit.o)
 .text.libgcc.fixed
                0x00000000        0x0 c:/program files (x86)/atmel/studio/7.0/toolchain/avr8/avr8-gnu-toolchain/bin/../lib/gcc/avr/5.4.0/avr5\libgcc.a(_exit.o)
 .text          0x00000000        0x0 c:/program files (x86)/atmel/studio/7.0/toolchain/avr8/avr8-gnu-toolchain/bin/../lib/gcc/avr/5.4.0/avr5\libgcc.a(_clear_bss.o)
 .data          0x00000000        0x0 c:/program files (x86)/atmel/studio/7.0/toolchain/avr8/avr8-gnu-toolchain/bin/../lib/gcc/avr/5.4.0/avr5\libgcc.a(_clear_bss.o)
 .bss           0x00000000        0x0 c:/program files (x86)/atmel/studio/7.0/toolchain/avr8/avr8-gnu-toolchain/bin/../lib/gcc/avr/5.4.0/avr5\libgcc.a(_clear_bss.o)
 .text.libgcc.mul
                0x00000000        0x0 c:/program files (x86)/atmel/studio/7.0/toolchain/avr8/avr8-gnu-toolchain/bin/../lib/gcc/avr/5.4.0/avr5\libgcc.a(_clear_bss.o)
 .text.libgcc.div
                0x00000000        0x0 c:/program files (x86)/atmel/studio/7.0/toolchain/avr8/avr8-gnu-toolchain/bin/../lib/gcc/avr/5.4.0/avr5\libgcc.a(_clear_bss.o)
 .text.libgcc   0x00000000        0x0 c:/program files (x86)/atmel/studio/7.0/toolchain/avr8/avr8-gnu-toolchain/bin/../lib/gcc/avr/5.4.0/avr5\libgcc.a(_clear_bss.o)
 .text.libgcc.prologue
                0x00000000        0x0 c:/program files (x86)/atmel/studio/7.0/toolchain/avr8/avr8-gnu-toolchain/bin/../lib/gcc/avr/5.4.0/avr5\libgcc.a(_clear_bss.o)
 .text.libgcc.builtins
                0x00000000        0x0 c:/program files (x86)/atmel/studio/7.0/toolchain/avr8/avr8-gnu-toolchain/bin/../lib/gcc/avr/5.4.0/avr5\libgcc.a(_clear_bss.o)
 .text.libgcc.fmul
                0x00000000        0x0 c:/program files (x86)/atmel/studio/7.0/toolchain/avr8/avr8-gnu-toolchain/bin/../lib/gcc/avr/5.4.0/avr5\libgcc.a(_clear_bss.o)
 .text.libgcc.fixed
                0x00000000        0x0 c:/program files (x86)/atmel/studio/7.0/toolchain/avr8/avr8-gnu-toolchain/bin/../lib/gcc/avr/5.4.0/avr5\libgcc.a(_clear_bss.o)

Memory Configuration

Name             Origin             Length             Attributes
text             0x00000000         0x00008000         xr
data             0x00800100         0x00000800         rw !x
eeprom           0x00810000         0x00000400         rw !x
fuse             0x00820000         0x00000003         rw !x
lock             0x00830000         0x00000400         rw !x
signature        0x00840000         0x00000400         rw !x
user_signatures  0x00850000         0x00000400         rw !x
*default*        0x00000000         0xffffffff

Linker script and memory map

Address of section .data set to 0x800100
LOAD C:/Program Files (x86)/Atmel/Studio/7.0/Packs/atmel/ATmega_DFP/1.6.364/gcc/dev/atmega324pb/avr5/crtatmega324pb.o
LOAD Ex6Funcs.o
LOAD GPIO_Outputs.o
LOAD LEDS.o
LOAD main.o
LOAD OLED.o
LOAD OLED_Char_Map.o
LOAD SPI.o
LOAD UART.o
LOAD UART_Print.o
START GROUP
LOAD c:/program files (x86)/atmel/studio/7.0/toolchain/avr8/avr8-gnu-toolchain/bin/../lib/gcc/avr/5.4.0/../../../../avr/lib/avr5\libm.a
END GROUP
START GROUP
LOAD c:/program files (x86)/atmel/studio/7.0/toolchain/avr8/avr8-gnu-toolchain/bin/../lib/gcc/avr/5.4.0/avr5\libgcc.a
LOAD c:/program files (x86)/atmel/studio/7.0/toolchain/avr8/avr8-gnu-toolchain/bin/../lib/gcc/avr/5.4.0/../../../../avr/lib/avr5\libm.a
LOAD c:/program files (x86)/atmel/studio/7.0/toolchain/avr8/avr8-gnu-toolchain/bin/../lib/gcc/avr/5.4.0/../../../../avr/lib/avr5\libc.a
LOAD C:/Program Files (x86)/Atmel/Studio/7.0/Packs/atmel/ATmega_DFP/1.6.364/gcc/dev/atmega324pb/avr5\libatmega324pb.a
END GROUP
                [0x00000000]                __TEXT_REGION_ORIGIN__ = DEFINED (__TEXT_REGION_ORIGIN__)?__TEXT_REGION_ORIGIN__:0x0
                [0x00800100]                __DATA_REGION_ORIGIN__ = DEFINED (__DATA_REGION_ORIGIN__)?__DATA_REGION_ORIGIN__:0x800060
                [0x00008000]                __TEXT_REGION_LENGTH__ = DEFINED (__TEXT_REGION_LENGTH__)?__TEXT_REGION_LENGTH__:0x20000
                [0x00000800]                __DATA_REGION_LENGTH__ = DEFINED (__DATA_REGION_LENGTH__)?__DATA_REGION_LENGTH__:0xffa0
                [0x00000400]                __EEPROM_REGION_LENGTH__ = DEFINED (__EEPROM_REGION_LENGTH__)?__EEPROM_REGION_LENGTH__:0x10000
                [0x00000003]                __FUSE_REGION_LENGTH__ = DEFINED (__FUSE_REGION_LENGTH__)?__FUSE_REGION_LENGTH__:0x400
                0x00000400                __LOCK_REGION_LENGTH__ = DEFINED (__LOCK_REGION_LENGTH__)?__LOCK_REGION_LENGTH__:0x400
                0x00000400                __SIGNATURE_REGION_LENGTH__ = DEFINED (__SIGNATURE_REGION_LENGTH__)?__SIGNATURE_REGION_LENGTH__:0x400
                0x00000400                __USER_SIGNATURE_REGION_LENGTH__ = DEFINED (__USER_SIGNATURE_REGION_LENGTH__)?__USER_SIGNATURE_REGION_LENGTH__:0x400

.hash
 *(.hash)

.dynsym
 *(.dynsym)

.dynstr
 *(.dynstr)

.gnu.version
 *(.gnu.version)

.gnu.version_d
 *(.gnu.version_d)

.gnu.version_r
 *(.gnu.version_r)

.rel.init
 *(.rel.init)

.rela.init
 *(.rela.init)

.rel.text
 *(.rel.text)
 *(.rel.text.*)
 *(.rel.gnu.linkonce.t*)

.rela.text
 *(.rela.text)
 *(.rela.text.*)
 *(.rela.gnu.linkonce.t*)

.rel.fini
 *(.rel.fini)

.rela.fini
 *(.rela.fini)

.rel.rodata
 *(.rel.rodata)
 *(.rel.rodata.*)
 *(.rel.gnu.linkonce.r*)

.rela.rodata
 *(.rela.rodata)
 *(.rela.rodata.*)
 *(.rela.gnu.linkonce.r*)

.rel.data
 *(.rel.data)
 *(.rel.data.*)
 *(.rel.gnu.linkonce.d*)

.rela.data
 *(.rela.data)
 *(.rela.data.*)
 *(.rela.gnu.linkonce.d*)

.rel.ctors
 *(.rel.ctors)

.rela.ctors
 *(.rela.ctors)

.rel.dtors
 *(.rel.dtors)

.rela.dtors
 *(.rela.dtors)

.rel.got
 *(.rel.got)

.rela.got
 *(.rela.got)

.rel.bss
 *(.rel.bss)

.rela.bss
 *(.rela.bss)

.rel.plt
 *(.rel.plt)

.rela.plt
 *(.rela.plt)

.text           0x00000000      0xc00
 *(.vectors)
 .vectors       0x00000000       0xcc C:/Program Files (x86)/Atmel/Studio/7.0/Packs/atmel/ATmega_DFP/1.6.364/gcc/dev/atmega324pb/avr5/crtatmega324pb.o
                0x00000000                __vector_default
                0x00000000                __vectors
 *(.vectors)
 *(.progmem.gcc*)
                0x000000cc                . = ALIGN (0x2)
                0x000000cc                __trampolines_start = .
 *(.trampolines)
 .trampolines   0x000000cc        0x0 linker stubs
 *(.trampolines*)
                0x000000cc                __trampolines_end = .
 *libprintf_flt.a:*(.progmem.data)
 *libc.a:*(.progmem.data)
 *(.progmem*)
 .progmem.data.Hello_String
                0x000000cc        0xf main.o
                0x000000cc                Hello_String
 .progmem.data.OLED_Init_Commands
                0x000000db       0x18 OLED.o
                0x000000db                OLED_Init_Commands
 .progmem.data.OLED_ASCII
                0x000000f3      0x27b OLED_Char_Map.o
                0x000000f3                OLED_ASCII
                0x0000036e                . = ALIGN (0x2)
 *(.jumptables)
 *(.jumptables*)
 *(.lowtext)
 *(.lowtext*)
                0x0000036e                __ctors_start = .
 *(.ctors)
                0x0000036e                __ctors_end = .
                0x0000036e                __dtors_start = .
 *(.dtors)
                0x0000036e                __dtors_end = .
 SORT(*)(.ctors)
 SORT(*)(.dtors)
 *(.init0)
 .init0         0x0000036e        0x0 C:/Program Files (x86)/Atmel/Studio/7.0/Packs/atmel/ATmega_DFP/1.6.364/gcc/dev/atmega324pb/avr5/crtatmega324pb.o
                0x0000036e                __init
 *(.init0)
 *(.init1)
 *(.init1)
 *(.init2)
 .init2         0x0000036e        0xc C:/Program Files (x86)/Atmel/Studio/7.0/Packs/atmel/ATmega_DFP/1.6.364/gcc/dev/atmega324pb/avr5/crtatmega324pb.o
 *(.init2)
 *(.init3)
 *(.init3)
 *(.init4)
 .init4         0x0000037a       0x10 c:/program files (x86)/atmel/studio/7.0/toolchain/avr8/avr8-gnu-toolchain/bin/../lib/gcc/avr/5.4.0/avr5\libgcc.a(_clear_bss.o)
                0x0000037a                __do_clear_bss
 *(.init4)
 *(.init5)
 *(.init5)
 *(.init6)
 *(.init6)
 *(.init7)
 *(.init7)
 *(.init8)
 *(.init8)
 *(.init9)
 .init9         0x0000038a        0x8 C:/Program Files (x86)/Atmel/Studio/7.0/Packs/atmel/ATmega_DFP/1.6.364/gcc/dev/atmega324pb/avr5/crtatmega324pb.o
 *(.init9)
 *(.text)
 .text          0x00000392        0x4 C:/Program Files (x86)/Atmel/Studio/7.0/Packs/atmel/ATmega_DFP/1.6.364/gcc/dev/atmega324pb/avr5/crtatmega324pb.o
                0x00000392                __vector_38
                0x00000392                __vector_22
                0x00000392                __vector_28
                0x00000392                __vector_1
                0x00000392                __vector_32
                0x00000392                __vector_34
                0x00000392                __vector_24
                0x00000392                __vector_12
                0x00000392                __vector_46
                0x00000392                __bad_interrupt
                0x00000392                __vector_6
                0x00000392                __vector_31
                0x00000392                __vector_35
                0x00000392                __vector_39
                0x00000392                __vector_3
                0x00000392                __vector_23
                0x00000392                __vector_30
                0x00000392                __vector_45
                0x00000392                __vector_25
                0x00000392                __vector_11
                0x00000392                __vector_13
                0x00000392                __vector_17
                0x00000392                __vector_19
                0x00000392                __vector_7
                0x00000392                __vector_49
                0x00000392                __vector_41
                0x00000392                __vector_43
                0x00000392                __vector_27
                0x00000392                __vector_5
                0x00000392                __vector_33
                0x00000392                __vector_47
                0x00000392                __vector_37
                0x00000392                __vector_4
                0x00000392                __vector_44
                0x00000392                __vector_9
                0x00000392                __vector_2
                0x00000392                __vector_21
                0x00000392                __vector_15
                0x00000392                __vector_36
                0x00000392                __vector_29
                0x00000392                __vector_40
                0x00000392                __vector_8
                0x00000392                __vector_26
                0x00000392                __vector_48
                0x00000392                __vector_14
                0x00000392                __vector_10
                0x00000392                __vector_50
                0x00000392                __vector_16
                0x00000392                __vector_18
                0x00000392                __vector_20
                0x00000392                __vector_42
                0x00000396                . = ALIGN (0x2)
 *(.text.*)
 .text.GPIO_Output_Init
                0x00000396        0xa GPIO_Outputs.o
                0x00000396                GPIO_Output_Init
 .text.Input_Init
                0x000003a0        0xc GPIO_Outputs.o
                0x000003a0                Input_Init
 .text.Pull_Up_Enable
                0x000003ac        0xa GPIO_Outputs.o
                0x000003ac                Pull_Up_Enable
 .text.GPIO_Output_Set
                0x000003b6        0xa GPIO_Outputs.o
                0x000003b6                GPIO_Output_Set
 .text.GPIO_Output_Clear
                0x000003c0        0xc GPIO_Outputs.o
                0x000003c0                GPIO_Output_Clear
 .text.Read_Pin
                0x000003cc       0x10 GPIO_Outputs.o
                0x000003cc                Read_Pin
 .text.LEDS_Init
                0x000003dc        0x6 LEDS.o
                0x000003dc                LEDS_Init
 .text.LEDS_Off
                0x000003e2        0x6 LEDS.o
                0x000003e2                LEDS_Off
 .text.LEDS_On  0x000003e8        0x6 LEDS.o
                0x000003e8                LEDS_On
 .text.main     0x000003ee      0x15e main.o
                0x000003ee                main
 .text.OLED_Set_Line_0
                0x0000054c       0x6a OLED.o
                0x0000054c                OLED_Set_Line_0
 .text.OLED_Set_Line_1
                0x000005b6       0x6a OLED.o
                0x000005b6                OLED_Set_Line_1
 .text.OLED_Set_Line_2
                0x00000620       0x6a OLED.o
                0x00000620                OLED_Set_Line_2
 .text.OLED_Set_Line_3
                0x0000068a       0x6a OLED.o
                0x0000068a                OLED_Set_Line_3
 .text.OLED_Send_Char
                0x000006f4       0x82 OLED.o
                0x000006f4                OLED_Send_Char
 .text.OLED_Clear_Display
                0x00000776       0xe6 OLED.o
                0x00000776                OLED_Clear_Display
 .text.OLED_Init
                0x0000085c       0xdc OLED.o
                0x0000085c                OLED_Init
 .text.OLED_Transmit_String
                0x00000938       0x62 OLED.o
                0x00000938                OLED_Transmit_String
 .text.SPI_Master_Init
                0x0000099a       0xe2 SPI.o
                0x0000099a                SPI_Master_Init
 .text.SPI_Transmit
                0x00000a7c       0x26 SPI.o
                0x00000a7c                SPI_Transmit
 .text.UART_Init
                0x00000aa2       0x54 UART.o
                0x00000aa2                UART_Init
 .text.UART_Transmit
                0x00000af6        0xe UART.o
                0x00000af6                UART_Transmit
 .text.Export_print_buffer
                0x00000b04        0x6 UART_Print.o
                0x00000b04                Export_print_buffer
 .text.Copy_String_to_Buffer
                0x00000b0a       0x4c UART_Print.o
                0x00000b0a                Copy_String_to_Buffer
 .text.UART_Transmit_String
                0x00000b56       0x62 UART_Print.o
                0x00000b56                UART_Transmit_String
 .text.libgcc.div
                0x00000bb8       0x44 c:/program files (x86)/atmel/studio/7.0/toolchain/avr8/avr8-gnu-toolchain/bin/../lib/gcc/avr/5.4.0/avr5\libgcc.a(_udivmodsi4.o)
                0x00000bb8                __udivmodsi4
                0x00000bfc                . = ALIGN (0x2)
 *(.fini9)
 .fini9         0x00000bfc        0x0 c:/program files (x86)/atmel/studio/7.0/toolchain/avr8/avr8-gnu-toolchain/bin/../lib/gcc/avr/5.4.0/avr5\libgcc.a(_exit.o)
                0x00000bfc                _exit
                0x00000bfc                exit
 *(.fini9)
 *(.fini8)
 *(.fini8)
 *(.fini7)
 *(.fini7)
 *(.fini6)
 *(.fini6)
 *(.fini5)
 *(.fini5)
 *(.fini4)
 *(.fini4)
 *(.fini3)
 *(.fini3)
 *(.fini2)
 *(.fini2)
 *(.fini1)
 *(.fini1)
 *(.fini0)
 .fini0         0x00000bfc        0x4 c:/program files (x86)/atmel/studio/7.0/toolchain/avr8/avr8-gnu-toolchain/bin/../lib/gcc/avr/5.4.0/avr5\libgcc.a(_exit.o)
 *(.fini0)
                0x00000c00                _etext = .

.data           0x00800100        0x0 load address 0x00000c00
                [!provide]                PROVIDE (__data_start, .)
 *(.data)
 *(.data*)
 *(.gnu.linkonce.d*)
 *(.rodata)
 *(.rodata*)
 *(.gnu.linkonce.r*)
                0x00800100                . = ALIGN (0x2)
                0x00800100                _edata = .
                [!provide]                PROVIDE (__data_end, .)

.bss            0x00800100       0x50
                0x00800100                PROVIDE (__bss_start, .)
 *(.bss)
 *(.bss*)
 .bss.print_buffer
                0x00800100       0x50 UART_Print.o
 *(COMMON)
                0x00800150                PROVIDE (__bss_end, .)
                0x00000c00                __data_load_start = LOADADDR (.data)
                0x00000c00                __data_load_end = (__data_load_start + SIZEOF (.data))

.noinit         0x00800150        0x0
                [!provide]                PROVIDE (__noinit_start, .)
 *(.noinit*)
                [!provide]                PROVIDE (__noinit_end, .)
                0x00800150                _end = .
                [!provide]                PROVIDE (__heap_start, .)

.eeprom         0x00810000        0x0
 *(.eeprom*)
                0x00810000                __eeprom_end = .

.fuse
 *(.fuse)
 *(.lfuse)
 *(.hfuse)
 *(.efuse)

.lock
 *(.lock*)

.signature
 *(.signature*)

.user_signatures
 *(.user_signatures*)

.stab
 *(.stab)

.stabstr
 *(.stabstr)

.stab.excl
 *(.stab.excl)

.stab.exclstr
 *(.stab.exclstr)

.stab.index
 *(.stab.index)

.stab.indexstr
 *(.stab.indexstr)

.comment        0x00000000       0x30
 *(.comment)
 .comment       0x00000000       0x30 GPIO_Outputs.o
                                 0x31 (size before relaxing)
 .comment       0x00000030       0x31 LEDS.o
 .comment       0x00000030       0x31 main.o
 .comment       0x00000030       0x31 OLED.o
 .comment       0x00000030       0x31 OLED_Char_Map.o
 .comment       0x00000030       0x31 SPI.o
 .comment       0x00000030       0x31 UART.o
 .comment       0x00000030       0x31 UART_Print.o

.note.gnu.avr.deviceinfo
                0x00000000       0x40
 .note.gnu.avr.deviceinfo
                0x00000000       0x40 C:/Program Files (x86)/Atmel/Studio/7.0/Packs/atmel/ATmega_DFP/1.6.364/gcc/dev/atmega324pb/avr5/crtatmega324pb.o

.note.gnu.build-id
 *(.note.gnu.build-id)

.debug
 *(.debug)

.line
 *(.line)

.debug_srcinfo
 *(.debug_srcinfo)

.debug_sfnames
 *(.debug_sfnames)

.debug_aranges  0x00000000      0x1b8
 *(.debug_aranges)
 .debug_aranges
                0x00000000       0x50 GPIO_Outputs.o
 .debug_aranges
                0x00000050       0x30 LEDS.o
 .debug_aranges
                0x00000080       0x20 main.o
 .debug_aranges
                0x000000a0       0x68 OLED.o
 .debug_aranges
                0x00000108       0x18 OLED_Char_Map.o
 .debug_aranges
                0x00000120       0x38 SPI.o
 .debug_aranges
                0x00000158       0x30 UART.o
 .debug_aranges
                0x00000188       0x30 UART_Print.o

.debug_pubnames
 *(.debug_pubnames)

.debug_info     0x00000000     0x2da5
 *(.debug_info .gnu.linkonce.wi.*)
 .debug_info    0x00000000      0x9bb C:/Program Files (x86)/Atmel/Studio/7.0/Packs/atmel/ATmega_DFP/1.6.364/gcc/dev/atmega324pb/avr5/crtatmega324pb.o
 .debug_info    0x000009bb      0x261 GPIO_Outputs.o
 .debug_info    0x00000c1c      0x1e8 LEDS.o
 .debug_info    0x00000e04      0x730 main.o
 .debug_info    0x00001534     0x1004 OLED.o
 .debug_info    0x00002538       0x9a OLED_Char_Map.o
 .debug_info    0x000025d2      0x339 SPI.o
 .debug_info    0x0000290b      0x1d1 UART.o
 .debug_info    0x00002adc      0x2c9 UART_Print.o

.debug_abbrev   0x00000000     0x11dc
 *(.debug_abbrev)
 .debug_abbrev  0x00000000      0x934 C:/Program Files (x86)/Atmel/Studio/7.0/Packs/atmel/ATmega_DFP/1.6.364/gcc/dev/atmega324pb/avr5/crtatmega324pb.o
 .debug_abbrev  0x00000934       0xe4 GPIO_Outputs.o
 .debug_abbrev  0x00000a18       0xb9 LEDS.o
 .debug_abbrev  0x00000ad1      0x1a9 main.o
 .debug_abbrev  0x00000c7a      0x18d OLED.o
 .debug_abbrev  0x00000e07       0x5d OLED_Char_Map.o
 .debug_abbrev  0x00000e64      0x120 SPI.o
 .debug_abbrev  0x00000f84       0xf3 UART.o
 .debug_abbrev  0x00001077      0x165 UART_Print.o

.debug_line     0x00000000     0x11f9
 *(.debug_line .debug_line.* .debug_line_end)
 .debug_line    0x00000000      0x1ca C:/Program Files (x86)/Atmel/Studio/7.0/Packs/atmel/ATmega_DFP/1.6.364/gcc/dev/atmega324pb/avr5/crtatmega324pb.o
 .debug_line    0x000001ca      0x157 GPIO_Outputs.o
 .debug_line    0x00000321       0xf1 LEDS.o
 .debug_line    0x00000412      0x21c main.o
 .debug_line    0x0000062e      0x561 OLED.o
 .debug_line    0x00000b8f       0x94 OLED_Char_Map.o
 .debug_line    0x00000c23      0x30d SPI.o
 .debug_line    0x00000f30      0x138 UART.o
 .debug_line    0x00001068      0x191 UART_Print.o

.debug_frame    0x00000000      0x380
 *(.debug_frame)
 .debug_frame   0x00000000       0x84 GPIO_Outputs.o
 .debug_frame   0x00000084       0x44 LEDS.o
 .debug_frame   0x000000c8       0x24 main.o
 .debug_frame   0x000000ec      0x170 OLED.o
 .debug_frame   0x0000025c       0x64 SPI.o
 .debug_frame   0x000002c0       0x50 UART.o
 .debug_frame   0x00000310       0x70 UART_Print.o

.debug_str      0x00000000      0x8c4
 *(.debug_str)
 .debug_str     0x00000000      0x35a C:/Program Files (x86)/Atmel/Studio/7.0/Packs/atmel/ATmega_DFP/1.6.364/gcc/dev/atmega324pb/avr5/crtatmega324pb.o
 .debug_str     0x0000035a      0x1f0 GPIO_Outputs.o
                                0x224 (size before relaxing)
 .debug_str     0x0000054a       0x27 LEDS.o
                                0x202 (size before relaxing)
 .debug_str     0x00000571      0x147 main.o
                                0x325 (size before relaxing)
 .debug_str     0x000006b8      0x107 OLED.o
                                0x335 (size before relaxing)
 .debug_str     0x000007bf       0x15 OLED_Char_Map.o
                                0x196 (size before relaxing)
 .debug_str     0x000007d4       0x6f SPI.o
                                0x262 (size before relaxing)
 .debug_str     0x00000843       0x53 UART.o
                                0x208 (size before relaxing)
 .debug_str     0x00000896       0x2e UART_Print.o
                                0x281 (size before relaxing)

.debug_loc      0x00000000     0x119b
 *(.debug_loc)
 .debug_loc     0x00000000      0x150 GPIO_Outputs.o
 .debug_loc     0x00000150       0xd5 LEDS.o
 .debug_loc     0x00000225       0xe1 main.o
 .debug_loc     0x00000306      0x745 OLED.o
 .debug_loc     0x00000a4b      0x3d3 SPI.o
 .debug_loc     0x00000e1e       0xdb UART.o
 .debug_loc     0x00000ef9      0x2a2 UART_Print.o

.debug_macinfo
 *(.debug_macinfo)

.debug_weaknames
 *(.debug_weaknames)

.debug_funcnames
 *(.debug_funcnames)

.debug_typenames
 *(.debug_typenames)

.debug_varnames
 *(.debug_varnames)

.debug_pubtypes
 *(.debug_pubtypes)

.debug_ranges   0x00000000      0x130
 *(.debug_ranges)
 .debug_ranges  0x00000000       0x40 GPIO_Outputs.o
 .debug_ranges  0x00000040       0x20 LEDS.o
 .debug_ranges  0x00000060       0x10 main.o
 .debug_ranges  0x00000070       0x58 OLED.o
 .debug_ranges  0x000000c8       0x28 SPI.o
 .debug_ranges  0x000000f0       0x20 UART.o
 .debug_ranges  0x00000110       0x20 UART_Print.o

.debug_macro
 *(.debug_macro)
OUTPUT(Exp6_example.elf elf32-avr)
LOAD linker stubs
