Archive member included to satisfy reference by file (symbol)

c:/program files (x86)/atmel/studio/7.0/toolchain/avr8/avr8-gnu-toolchain/bin/../lib/gcc/avr/5.4.0/avr5\libgcc.a(_udivmodsi4.o)
                              Ex6Funcs.o (__udivmodsi4)
c:/program files (x86)/atmel/studio/7.0/toolchain/avr8/avr8-gnu-toolchain/bin/../lib/gcc/avr/5.4.0/avr5\libgcc.a(_exit.o)
                              C:/Program Files (x86)/Atmel/Studio/7.0/Packs/atmel/ATmega_DFP/1.6.364/gcc/dev/atmega324pb/avr5/crtatmega324pb.o (exit)
c:/program files (x86)/atmel/studio/7.0/toolchain/avr8/avr8-gnu-toolchain/bin/../lib/gcc/avr/5.4.0/avr5\libgcc.a(_clear_bss.o)
                              Ex6Funcs.o (__do_clear_bss)
c:/program files (x86)/atmel/studio/7.0/toolchain/avr8/avr8-gnu-toolchain/bin/../lib/gcc/avr/5.4.0/avr5\libgcc.a(_muluhisi3.o)
                              Ex6Funcs.o (__muluhisi3)
c:/program files (x86)/atmel/studio/7.0/toolchain/avr8/avr8-gnu-toolchain/bin/../lib/gcc/avr/5.4.0/avr5\libgcc.a(_umulhisi3.o)
                              c:/program files (x86)/atmel/studio/7.0/toolchain/avr8/avr8-gnu-toolchain/bin/../lib/gcc/avr/5.4.0/avr5\libgcc.a(_muluhisi3.o) (__umulhisi3)

Allocating common symbols
Common symbol       size              file

sw1_status_g        0x5               Ex6Funcs.o
INTERVAL            0x1               Ex6Funcs.o
time_g              0x4               Ex6Funcs.o
sw3_status_g        0x5               Ex6Funcs.o
sw2_status_g        0x5               Ex6Funcs.o

Discarded input sections

 .data          0x00000000        0x0 C:/Program Files (x86)/Atmel/Studio/7.0/Packs/atmel/ATmega_DFP/1.6.364/gcc/dev/atmega324pb/avr5/crtatmega324pb.o
 .bss           0x00000000        0x0 C:/Program Files (x86)/Atmel/Studio/7.0/Packs/atmel/ATmega_DFP/1.6.364/gcc/dev/atmega324pb/avr5/crtatmega324pb.o
 .text          0x00000000        0x0 Ex6Funcs.o
 .data          0x00000000        0x0 Ex6Funcs.o
 .bss           0x00000000        0x0 Ex6Funcs.o
 .text          0x00000000        0x0 GPIO_Outputs.o
 .data          0x00000000        0x0 GPIO_Outputs.o
 .bss           0x00000000        0x0 GPIO_Outputs.o
 .text.Read_Inputs
                0x00000000        0x6 GPIO_Outputs.o
 .text          0x00000000        0x0 LEDS.o
 .data          0x00000000        0x0 LEDS.o
 .bss           0x00000000        0x0 LEDS.o
 .text          0x00000000        0x0 main.o
 .data          0x00000000        0x0 main.o
 .bss           0x00000000        0x0 main.o
 .text          0x00000000        0x0 OLED.o
 .data          0x00000000        0x0 OLED.o
 .bss           0x00000000        0x0 OLED.o
 .text.OLED_Set_Cursor
                0x00000000       0x62 OLED.o
 .text.OLED_Clear_Line
                0x00000000       0x40 OLED.o
 .text          0x00000000        0x0 OLED_Char_Map.o
 .data          0x00000000        0x0 OLED_Char_Map.o
 .bss           0x00000000        0x0 OLED_Char_Map.o
 .text          0x00000000        0x0 SPI.o
 .data          0x00000000        0x0 SPI.o
 .bss           0x00000000        0x0 SPI.o
 .text.SPI_Receive
                0x00000000       0x3a SPI.o
 .text.SPI_Transfer
                0x00000000       0x3a SPI.o
 .text          0x00000000        0x0 UART.o
 .data          0x00000000        0x0 UART.o
 .bss           0x00000000        0x0 UART.o
 .text.UART_Receive
                0x00000000        0xc UART.o
 .text          0x00000000        0x0 UART_Print.o
 .data          0x00000000        0x0 UART_Print.o
 .bss           0x00000000        0x0 UART_Print.o
 .text          0x00000000        0x0 c:/program files (x86)/atmel/studio/7.0/toolchain/avr8/avr8-gnu-toolchain/bin/../lib/gcc/avr/5.4.0/avr5\libgcc.a(_udivmodsi4.o)
 .data          0x00000000        0x0 c:/program files (x86)/atmel/studio/7.0/toolchain/avr8/avr8-gnu-toolchain/bin/../lib/gcc/avr/5.4.0/avr5\libgcc.a(_udivmodsi4.o)
 .bss           0x00000000        0x0 c:/program files (x86)/atmel/studio/7.0/toolchain/avr8/avr8-gnu-toolchain/bin/../lib/gcc/avr/5.4.0/avr5\libgcc.a(_udivmodsi4.o)
 .text.libgcc.mul
                0x00000000        0x0 c:/program files (x86)/atmel/studio/7.0/toolchain/avr8/avr8-gnu-toolchain/bin/../lib/gcc/avr/5.4.0/avr5\libgcc.a(_udivmodsi4.o)
 .text.libgcc   0x00000000        0x0 c:/program files (x86)/atmel/studio/7.0/toolchain/avr8/avr8-gnu-toolchain/bin/../lib/gcc/avr/5.4.0/avr5\libgcc.a(_udivmodsi4.o)
 .text.libgcc.prologue
                0x00000000        0x0 c:/program files (x86)/atmel/studio/7.0/toolchain/avr8/avr8-gnu-toolchain/bin/../lib/gcc/avr/5.4.0/avr5\libgcc.a(_udivmodsi4.o)
 .text.libgcc.builtins
                0x00000000        0x0 c:/program files (x86)/atmel/studio/7.0/toolchain/avr8/avr8-gnu-toolchain/bin/../lib/gcc/avr/5.4.0/avr5\libgcc.a(_udivmodsi4.o)
 .text.libgcc.fmul
                0x00000000        0x0 c:/program files (x86)/atmel/studio/7.0/toolchain/avr8/avr8-gnu-toolchain/bin/../lib/gcc/avr/5.4.0/avr5\libgcc.a(_udivmodsi4.o)
 .text.libgcc.fixed
                0x00000000        0x0 c:/program files (x86)/atmel/studio/7.0/toolchain/avr8/avr8-gnu-toolchain/bin/../lib/gcc/avr/5.4.0/avr5\libgcc.a(_udivmodsi4.o)
 .text          0x00000000        0x0 c:/program files (x86)/atmel/studio/7.0/toolchain/avr8/avr8-gnu-toolchain/bin/../lib/gcc/avr/5.4.0/avr5\libgcc.a(_exit.o)
 .data          0x00000000        0x0 c:/program files (x86)/atmel/studio/7.0/toolchain/avr8/avr8-gnu-toolchain/bin/../lib/gcc/avr/5.4.0/avr5\libgcc.a(_exit.o)
 .bss           0x00000000        0x0 c:/program files (x86)/atmel/studio/7.0/toolchain/avr8/avr8-gnu-toolchain/bin/../lib/gcc/avr/5.4.0/avr5\libgcc.a(_exit.o)
 .text.libgcc.mul
                0x00000000        0x0 c:/program files (x86)/atmel/studio/7.0/toolchain/avr8/avr8-gnu-toolchain/bin/../lib/gcc/avr/5.4.0/avr5\libgcc.a(_exit.o)
 .text.libgcc.div
                0x00000000        0x0 c:/program files (x86)/atmel/studio/7.0/toolchain/avr8/avr8-gnu-toolchain/bin/../lib/gcc/avr/5.4.0/avr5\libgcc.a(_exit.o)
 .text.libgcc   0x00000000        0x0 c:/program files (x86)/atmel/studio/7.0/toolchain/avr8/avr8-gnu-toolchain/bin/../lib/gcc/avr/5.4.0/avr5\libgcc.a(_exit.o)
 .text.libgcc.prologue
                0x00000000        0x0 c:/program files (x86)/atmel/studio/7.0/toolchain/avr8/avr8-gnu-toolchain/bin/../lib/gcc/avr/5.4.0/avr5\libgcc.a(_exit.o)
 .text.libgcc.builtins
                0x00000000        0x0 c:/program files (x86)/atmel/studio/7.0/toolchain/avr8/avr8-gnu-toolchain/bin/../lib/gcc/avr/5.4.0/avr5\libgcc.a(_exit.o)
 .text.libgcc.fmul
                0x00000000        0x0 c:/program files (x86)/atmel/studio/7.0/toolchain/avr8/avr8-gnu-toolchain/bin/../lib/gcc/avr/5.4.0/avr5\libgcc.a(_exit.o)
 .text.libgcc.fixed
                0x00000000        0x0 c:/program files (x86)/atmel/studio/7.0/toolchain/avr8/avr8-gnu-toolchain/bin/../lib/gcc/avr/5.4.0/avr5\libgcc.a(_exit.o)
 .text          0x00000000        0x0 c:/program files (x86)/atmel/studio/7.0/toolchain/avr8/avr8-gnu-toolchain/bin/../lib/gcc/avr/5.4.0/avr5\libgcc.a(_clear_bss.o)
 .data          0x00000000        0x0 c:/program files (x86)/atmel/studio/7.0/toolchain/avr8/avr8-gnu-toolchain/bin/../lib/gcc/avr/5.4.0/avr5\libgcc.a(_clear_bss.o)
 .bss           0x00000000        0x0 c:/program files (x86)/atmel/studio/7.0/toolchain/avr8/avr8-gnu-toolchain/bin/../lib/gcc/avr/5.4.0/avr5\libgcc.a(_clear_bss.o)
 .text.libgcc.mul
                0x00000000        0x0 c:/program files (x86)/atmel/studio/7.0/toolchain/avr8/avr8-gnu-toolchain/bin/../lib/gcc/avr/5.4.0/avr5\libgcc.a(_clear_bss.o)
 .text.libgcc.div
                0x00000000        0x0 c:/program files (x86)/atmel/studio/7.0/toolchain/avr8/avr8-gnu-toolchain/bin/../lib/gcc/avr/5.4.0/avr5\libgcc.a(_clear_bss.o)
 .text.libgcc   0x00000000        0x0 c:/program files (x86)/atmel/studio/7.0/toolchain/avr8/avr8-gnu-toolchain/bin/../lib/gcc/avr/5.4.0/avr5\libgcc.a(_clear_bss.o)
 .text.libgcc.prologue
                0x00000000        0x0 c:/program files (x86)/atmel/studio/7.0/toolchain/avr8/avr8-gnu-toolchain/bin/../lib/gcc/avr/5.4.0/avr5\libgcc.a(_clear_bss.o)
 .text.libgcc.builtins
                0x00000000        0x0 c:/program files (x86)/atmel/studio/7.0/toolchain/avr8/avr8-gnu-toolchain/bin/../lib/gcc/avr/5.4.0/avr5\libgcc.a(_clear_bss.o)
 .text.libgcc.fmul
                0x00000000        0x0 c:/program files (x86)/atmel/studio/7.0/toolchain/avr8/avr8-gnu-toolchain/bin/../lib/gcc/avr/5.4.0/avr5\libgcc.a(_clear_bss.o)
 .text.libgcc.fixed
                0x00000000        0x0 c:/program files (x86)/atmel/studio/7.0/toolchain/avr8/avr8-gnu-toolchain/bin/../lib/gcc/avr/5.4.0/avr5\libgcc.a(_clear_bss.o)
 .text          0x00000000        0x0 c:/program files (x86)/atmel/studio/7.0/toolchain/avr8/avr8-gnu-toolchain/bin/../lib/gcc/avr/5.4.0/avr5\libgcc.a(_muluhisi3.o)
 .data          0x00000000        0x0 c:/program files (x86)/atmel/studio/7.0/toolchain/avr8/avr8-gnu-toolchain/bin/../lib/gcc/avr/5.4.0/avr5\libgcc.a(_muluhisi3.o)
 .bss           0x00000000        0x0 c:/program files (x86)/atmel/studio/7.0/toolchain/avr8/avr8-gnu-toolchain/bin/../lib/gcc/avr/5.4.0/avr5\libgcc.a(_muluhisi3.o)
 .text.libgcc.div
                0x00000000        0x0 c:/program files (x86)/atmel/studio/7.0/toolchain/avr8/avr8-gnu-toolchain/bin/../lib/gcc/avr/5.4.0/avr5\libgcc.a(_muluhisi3.o)
 .text.libgcc   0x00000000        0x0 c:/program files (x86)/atmel/studio/7.0/toolchain/avr8/avr8-gnu-toolchain/bin/../lib/gcc/avr/5.4.0/avr5\libgcc.a(_muluhisi3.o)
 .text.libgcc.prologue
                0x00000000        0x0 c:/program files (x86)/atmel/studio/7.0/toolchain/avr8/avr8-gnu-toolchain/bin/../lib/gcc/avr/5.4.0/avr5\libgcc.a(_muluhisi3.o)
 .text.libgcc.builtins
                0x00000000        0x0 c:/program files (x86)/atmel/studio/7.0/toolchain/avr8/avr8-gnu-toolchain/bin/../lib/gcc/avr/5.4.0/avr5\libgcc.a(_muluhisi3.o)
 .text.libgcc.fmul
                0x00000000        0x0 c:/program files (x86)/atmel/studio/7.0/toolchain/avr8/avr8-gnu-toolchain/bin/../lib/gcc/avr/5.4.0/avr5\libgcc.a(_muluhisi3.o)
 .text.libgcc.fixed
                0x00000000        0x0 c:/program files (x86)/atmel/studio/7.0/toolchain/avr8/avr8-gnu-toolchain/bin/../lib/gcc/avr/5.4.0/avr5\libgcc.a(_muluhisi3.o)
 .text          0x00000000        0x0 c:/program files (x86)/atmel/studio/7.0/toolchain/avr8/avr8-gnu-toolchain/bin/../lib/gcc/avr/5.4.0/avr5\libgcc.a(_umulhisi3.o)
 .data          0x00000000        0x0 c:/program files (x86)/atmel/studio/7.0/toolchain/avr8/avr8-gnu-toolchain/bin/../lib/gcc/avr/5.4.0/avr5\libgcc.a(_umulhisi3.o)
 .bss           0x00000000        0x0 c:/program files (x86)/atmel/studio/7.0/toolchain/avr8/avr8-gnu-toolchain/bin/../lib/gcc/avr/5.4.0/avr5\libgcc.a(_umulhisi3.o)
 .text.libgcc.div
                0x00000000        0x0 c:/program files (x86)/atmel/studio/7.0/toolchain/avr8/avr8-gnu-toolchain/bin/../lib/gcc/avr/5.4.0/avr5\libgcc.a(_umulhisi3.o)
 .text.libgcc   0x00000000        0x0 c:/program files (x86)/atmel/studio/7.0/toolchain/avr8/avr8-gnu-toolchain/bin/../lib/gcc/avr/5.4.0/avr5\libgcc.a(_umulhisi3.o)
 .text.libgcc.prologue
                0x00000000        0x0 c:/program files (x86)/atmel/studio/7.0/toolchain/avr8/avr8-gnu-toolchain/bin/../lib/gcc/avr/5.4.0/avr5\libgcc.a(_umulhisi3.o)
 .text.libgcc.builtins
                0x00000000        0x0 c:/program files (x86)/atmel/studio/7.0/toolchain/avr8/avr8-gnu-toolchain/bin/../lib/gcc/avr/5.4.0/avr5\libgcc.a(_umulhisi3.o)
 .text.libgcc.fmul
                0x00000000        0x0 c:/program files (x86)/atmel/studio/7.0/toolchain/avr8/avr8-gnu-toolchain/bin/../lib/gcc/avr/5.4.0/avr5\libgcc.a(_umulhisi3.o)
 .text.libgcc.fixed
                0x00000000        0x0 c:/program files (x86)/atmel/studio/7.0/toolchain/avr8/avr8-gnu-toolchain/bin/../lib/gcc/avr/5.4.0/avr5\libgcc.a(_umulhisi3.o)

Memory Configuration

Name             Origin             Length             Attributes
text             0x00000000         0x00008000         xr
data             0x00800100         0x00000800         rw !x
eeprom           0x00810000         0x00000400         rw !x
fuse             0x00820000         0x00000003         rw !x
lock             0x00830000         0x00000400         rw !x
signature        0x00840000         0x00000400         rw !x
user_signatures  0x00850000         0x00000400         rw !x
*default*        0x00000000         0xffffffff

Linker script and memory map

Address of section .data set to 0x800100
LOAD C:/Program Files (x86)/Atmel/Studio/7.0/Packs/atmel/ATmega_DFP/1.6.364/gcc/dev/atmega324pb/avr5/crtatmega324pb.o
LOAD Ex6Funcs.o
LOAD GPIO_Outputs.o
LOAD LEDS.o
LOAD main.o
LOAD OLED.o
LOAD OLED_Char_Map.o
LOAD SPI.o
LOAD UART.o
LOAD UART_Print.o
START GROUP
LOAD c:/program files (x86)/atmel/studio/7.0/toolchain/avr8/avr8-gnu-toolchain/bin/../lib/gcc/avr/5.4.0/../../../../avr/lib/avr5\libm.a
END GROUP
START GROUP
LOAD c:/program files (x86)/atmel/studio/7.0/toolchain/avr8/avr8-gnu-toolchain/bin/../lib/gcc/avr/5.4.0/avr5\libgcc.a
LOAD c:/program files (x86)/atmel/studio/7.0/toolchain/avr8/avr8-gnu-toolchain/bin/../lib/gcc/avr/5.4.0/../../../../avr/lib/avr5\libm.a
LOAD c:/program files (x86)/atmel/studio/7.0/toolchain/avr8/avr8-gnu-toolchain/bin/../lib/gcc/avr/5.4.0/../../../../avr/lib/avr5\libc.a
LOAD C:/Program Files (x86)/Atmel/Studio/7.0/Packs/atmel/ATmega_DFP/1.6.364/gcc/dev/atmega324pb/avr5\libatmega324pb.a
END GROUP
                [0x00000000]                __TEXT_REGION_ORIGIN__ = DEFINED (__TEXT_REGION_ORIGIN__)?__TEXT_REGION_ORIGIN__:0x0
                [0x00800100]                __DATA_REGION_ORIGIN__ = DEFINED (__DATA_REGION_ORIGIN__)?__DATA_REGION_ORIGIN__:0x800060
                [0x00008000]                __TEXT_REGION_LENGTH__ = DEFINED (__TEXT_REGION_LENGTH__)?__TEXT_REGION_LENGTH__:0x20000
                [0x00000800]                __DATA_REGION_LENGTH__ = DEFINED (__DATA_REGION_LENGTH__)?__DATA_REGION_LENGTH__:0xffa0
                [0x00000400]                __EEPROM_REGION_LENGTH__ = DEFINED (__EEPROM_REGION_LENGTH__)?__EEPROM_REGION_LENGTH__:0x10000
                [0x00000003]                __FUSE_REGION_LENGTH__ = DEFINED (__FUSE_REGION_LENGTH__)?__FUSE_REGION_LENGTH__:0x400
                0x00000400                __LOCK_REGION_LENGTH__ = DEFINED (__LOCK_REGION_LENGTH__)?__LOCK_REGION_LENGTH__:0x400
                0x00000400                __SIGNATURE_REGION_LENGTH__ = DEFINED (__SIGNATURE_REGION_LENGTH__)?__SIGNATURE_REGION_LENGTH__:0x400
                0x00000400                __USER_SIGNATURE_REGION_LENGTH__ = DEFINED (__USER_SIGNATURE_REGION_LENGTH__)?__USER_SIGNATURE_REGION_LENGTH__:0x400

.hash
 *(.hash)

.dynsym
 *(.dynsym)

.dynstr
 *(.dynstr)

.gnu.version
 *(.gnu.version)

.gnu.version_d
 *(.gnu.version_d)

.gnu.version_r
 *(.gnu.version_r)

.rel.init
 *(.rel.init)

.rela.init
 *(.rela.init)

.rel.text
 *(.rel.text)
 *(.rel.text.*)
 *(.rel.gnu.linkonce.t*)

.rela.text
 *(.rela.text)
 *(.rela.text.*)
 *(.rela.gnu.linkonce.t*)

.rel.fini
 *(.rel.fini)

.rela.fini
 *(.rela.fini)

.rel.rodata
 *(.rel.rodata)
 *(.rel.rodata.*)
 *(.rel.gnu.linkonce.r*)

.rela.rodata
 *(.rela.rodata)
 *(.rela.rodata.*)
 *(.rela.gnu.linkonce.r*)

.rel.data
 *(.rel.data)
 *(.rel.data.*)
 *(.rel.gnu.linkonce.d*)

.rela.data
 *(.rela.data)
 *(.rela.data.*)
 *(.rela.gnu.linkonce.d*)

.rel.ctors
 *(.rel.ctors)

.rela.ctors
 *(.rela.ctors)

.rel.dtors
 *(.rel.dtors)

.rela.dtors
 *(.rela.dtors)

.rel.got
 *(.rel.got)

.rela.got
 *(.rela.got)

.rel.bss
 *(.rel.bss)

.rela.bss
 *(.rela.bss)

.rel.plt
 *(.rel.plt)

.rela.plt
 *(.rela.plt)

.text           0x00000000      0xe24
 *(.vectors)
 .vectors       0x00000000       0xcc C:/Program Files (x86)/Atmel/Studio/7.0/Packs/atmel/ATmega_DFP/1.6.364/gcc/dev/atmega324pb/avr5/crtatmega324pb.o
                0x00000000                __vector_default
                0x00000000                __vectors
 *(.vectors)
 *(.progmem.gcc*)
                0x000000cc                . = ALIGN (0x2)
                0x000000cc                __trampolines_start = .
 *(.trampolines)
 .trampolines   0x000000cc        0x0 linker stubs
 *(.trampolines*)
                0x000000cc                __trampolines_end = .
 *libprintf_flt.a:*(.progmem.data)
 *libc.a:*(.progmem.data)
 *(.progmem*)
 .progmem.data.Hello_String
                0x000000cc       0x28 main.o
                0x000000cc                Hello_String
 .progmem.data.OLED_Init_Commands
                0x000000f4       0x18 OLED.o
                0x000000f4                OLED_Init_Commands
 .progmem.data.OLED_ASCII
                0x0000010c      0x27b OLED_Char_Map.o
                0x0000010c                OLED_ASCII
                0x00000388                . = ALIGN (0x2)
 *fill*         0x00000387        0x1 
 *(.jumptables)
 *(.jumptables*)
 *(.lowtext)
 *(.lowtext*)
                0x00000388                __ctors_start = .
 *(.ctors)
                0x00000388                __ctors_end = .
                0x00000388                __dtors_start = .
 *(.dtors)
                0x00000388                __dtors_end = .
 SORT(*)(.ctors)
 SORT(*)(.dtors)
 *(.init0)
 .init0         0x00000388        0x0 C:/Program Files (x86)/Atmel/Studio/7.0/Packs/atmel/ATmega_DFP/1.6.364/gcc/dev/atmega324pb/avr5/crtatmega324pb.o
                0x00000388                __init
 *(.init0)
 *(.init1)
 *(.init1)
 *(.init2)
 .init2         0x00000388        0xc C:/Program Files (x86)/Atmel/Studio/7.0/Packs/atmel/ATmega_DFP/1.6.364/gcc/dev/atmega324pb/avr5/crtatmega324pb.o
 *(.init2)
 *(.init3)
 *(.init3)
 *(.init4)
 .init4         0x00000394       0x10 c:/program files (x86)/atmel/studio/7.0/toolchain/avr8/avr8-gnu-toolchain/bin/../lib/gcc/avr/5.4.0/avr5\libgcc.a(_clear_bss.o)
                0x00000394                __do_clear_bss
 *(.init4)
 *(.init5)
 *(.init5)
 *(.init6)
 *(.init6)
 *(.init7)
 *(.init7)
 *(.init8)
 *(.init8)
 *(.init9)
 .init9         0x000003a4        0x8 C:/Program Files (x86)/Atmel/Studio/7.0/Packs/atmel/ATmega_DFP/1.6.364/gcc/dev/atmega324pb/avr5/crtatmega324pb.o
 *(.init9)
 *(.text)
 .text          0x000003ac        0x4 C:/Program Files (x86)/Atmel/Studio/7.0/Packs/atmel/ATmega_DFP/1.6.364/gcc/dev/atmega324pb/avr5/crtatmega324pb.o
                0x000003ac                __vector_38
                0x000003ac                __vector_22
                0x000003ac                __vector_28
                0x000003ac                __vector_1
                0x000003ac                __vector_32
                0x000003ac                __vector_34
                0x000003ac                __vector_24
                0x000003ac                __vector_12
                0x000003ac                __vector_46
                0x000003ac                __bad_interrupt
                0x000003ac                __vector_6
                0x000003ac                __vector_31
                0x000003ac                __vector_35
                0x000003ac                __vector_39
                0x000003ac                __vector_3
                0x000003ac                __vector_23
                0x000003ac                __vector_30
                0x000003ac                __vector_45
                0x000003ac                __vector_25
                0x000003ac                __vector_11
                0x000003ac                __vector_13
                0x000003ac                __vector_17
                0x000003ac                __vector_19
                0x000003ac                __vector_7
                0x000003ac                __vector_49
                0x000003ac                __vector_41
                0x000003ac                __vector_43
                0x000003ac                __vector_27
                0x000003ac                __vector_5
                0x000003ac                __vector_33
                0x000003ac                __vector_47
                0x000003ac                __vector_37
                0x000003ac                __vector_4
                0x000003ac                __vector_44
                0x000003ac                __vector_2
                0x000003ac                __vector_21
                0x000003ac                __vector_15
                0x000003ac                __vector_36
                0x000003ac                __vector_29
                0x000003ac                __vector_40
                0x000003ac                __vector_8
                0x000003ac                __vector_26
                0x000003ac                __vector_48
                0x000003ac                __vector_14
                0x000003ac                __vector_10
                0x000003ac                __vector_50
                0x000003ac                __vector_16
                0x000003ac                __vector_18
                0x000003ac                __vector_20
                0x000003ac                __vector_42
                0x000003b0                . = ALIGN (0x2)
 *(.text.*)
 .text.Display_Binary_On_LEDs
                0x000003b0       0x5a Ex6Funcs.o
                0x000003b0                Display_Binary_On_LEDs
 .text.sEOS_Init
                0x0000040a       0x84 Ex6Funcs.o
                0x0000040a                sEOS_Init
 .text.Read_Switch
                0x0000048e       0xaa Ex6Funcs.o
                0x0000048e                Read_Switch
 .text.__vector_9
                0x00000538       0x88 Ex6Funcs.o
                0x00000538                __vector_9
 .text.GPIO_Output_Init
                0x000005c0        0xa GPIO_Outputs.o
                0x000005c0                GPIO_Output_Init
 .text.Input_Init
                0x000005ca        0xc GPIO_Outputs.o
                0x000005ca                Input_Init
 .text.Pull_Up_Enable
                0x000005d6        0xa GPIO_Outputs.o
                0x000005d6                Pull_Up_Enable
 .text.GPIO_Output_Set
                0x000005e0        0xa GPIO_Outputs.o
                0x000005e0                GPIO_Output_Set
 .text.GPIO_Output_Clear
                0x000005ea        0xc GPIO_Outputs.o
                0x000005ea                GPIO_Output_Clear
 .text.Read_Pin
                0x000005f6       0x10 GPIO_Outputs.o
                0x000005f6                Read_Pin
 .text.LEDS_Init
                0x00000606        0x6 LEDS.o
                0x00000606                LEDS_Init
 .text.LEDS_Off
                0x0000060c        0x6 LEDS.o
                0x0000060c                LEDS_Off
 .text.LEDS_On  0x00000612        0x6 LEDS.o
                0x00000612                LEDS_On
 .text.main     0x00000618      0x124 main.o
                0x00000618                main
 .text.OLED_Set_Line_0
                0x0000073c       0x6a OLED.o
                0x0000073c                OLED_Set_Line_0
 .text.OLED_Set_Line_1
                0x000007a6       0x6a OLED.o
                0x000007a6                OLED_Set_Line_1
 .text.OLED_Set_Line_2
                0x00000810       0x6a OLED.o
                0x00000810                OLED_Set_Line_2
 .text.OLED_Set_Line_3
                0x0000087a       0x6a OLED.o
                0x0000087a                OLED_Set_Line_3
 .text.OLED_Send_Char
                0x000008e4       0x82 OLED.o
                0x000008e4                OLED_Send_Char
 .text.OLED_Clear_Display
                0x00000966       0xe6 OLED.o
                0x00000966                OLED_Clear_Display
 .text.OLED_Init
                0x00000a4c       0xdc OLED.o
                0x00000a4c                OLED_Init
 .text.OLED_Transmit_String
                0x00000b28       0x62 OLED.o
                0x00000b28                OLED_Transmit_String
 .text.SPI_Master_Init
                0x00000b8a       0xe2 SPI.o
                0x00000b8a                SPI_Master_Init
 .text.SPI_Transmit
                0x00000c6c       0x26 SPI.o
                0x00000c6c                SPI_Transmit
 .text.UART_Init
                0x00000c92       0x54 UART.o
                0x00000c92                UART_Init
 .text.UART_Transmit
                0x00000ce6        0xe UART.o
                0x00000ce6                UART_Transmit
 .text.Export_print_buffer
                0x00000cf4        0x6 UART_Print.o
                0x00000cf4                Export_print_buffer
 .text.Copy_String_to_Buffer
                0x00000cfa       0x4c UART_Print.o
                0x00000cfa                Copy_String_to_Buffer
 .text.UART_Transmit_String
                0x00000d46       0x62 UART_Print.o
                0x00000d46                UART_Transmit_String
 .text.libgcc.div
                0x00000da8       0x44 c:/program files (x86)/atmel/studio/7.0/toolchain/avr8/avr8-gnu-toolchain/bin/../lib/gcc/avr/5.4.0/avr5\libgcc.a(_udivmodsi4.o)
                0x00000da8                __udivmodsi4
 .text.libgcc.mul
                0x00000dec       0x16 c:/program files (x86)/atmel/studio/7.0/toolchain/avr8/avr8-gnu-toolchain/bin/../lib/gcc/avr/5.4.0/avr5\libgcc.a(_muluhisi3.o)
                0x00000dec                __muluhisi3
 .text.libgcc.mul
                0x00000e02       0x1e c:/program files (x86)/atmel/studio/7.0/toolchain/avr8/avr8-gnu-toolchain/bin/../lib/gcc/avr/5.4.0/avr5\libgcc.a(_umulhisi3.o)
                0x00000e02                __umulhisi3
                0x00000e20                . = ALIGN (0x2)
 *(.fini9)
 .fini9         0x00000e20        0x0 c:/program files (x86)/atmel/studio/7.0/toolchain/avr8/avr8-gnu-toolchain/bin/../lib/gcc/avr/5.4.0/avr5\libgcc.a(_exit.o)
                0x00000e20                _exit
                0x00000e20                exit
 *(.fini9)
 *(.fini8)
 *(.fini8)
 *(.fini7)
 *(.fini7)
 *(.fini6)
 *(.fini6)
 *(.fini5)
 *(.fini5)
 *(.fini4)
 *(.fini4)
 *(.fini3)
 *(.fini3)
 *(.fini2)
 *(.fini2)
 *(.fini1)
 *(.fini1)
 *(.fini0)
 .fini0         0x00000e20        0x4 c:/program files (x86)/atmel/studio/7.0/toolchain/avr8/avr8-gnu-toolchain/bin/../lib/gcc/avr/5.4.0/avr5\libgcc.a(_exit.o)
 *(.fini0)
                0x00000e24                _etext = .

.data           0x00800100        0x0 load address 0x00000e24
                [!provide]                PROVIDE (__data_start, .)
 *(.data)
 *(.data*)
 *(.gnu.linkonce.d*)
 *(.rodata)
 *(.rodata*)
 *(.gnu.linkonce.r*)
                0x00800100                . = ALIGN (0x2)
                0x00800100                _edata = .
                [!provide]                PROVIDE (__data_end, .)

.bss            0x00800100       0x65
                0x00800100                PROVIDE (__bss_start, .)
 *(.bss)
 *(.bss*)
 .bss.sw_count_g
                0x00800100        0x1 Ex6Funcs.o
 .bss.print_buffer
                0x00800101       0x50 UART_Print.o
 *(COMMON)
 COMMON         0x00800151       0x14 Ex6Funcs.o
                0x00800151                sw1_status_g
                0x00800156                INTERVAL
                0x00800157                time_g
                0x0080015b                sw3_status_g
                0x00800160                sw2_status_g
                0x00800165                PROVIDE (__bss_end, .)
                0x00000e24                __data_load_start = LOADADDR (.data)
                0x00000e24                __data_load_end = (__data_load_start + SIZEOF (.data))

.noinit         0x00800165        0x0
                [!provide]                PROVIDE (__noinit_start, .)
 *(.noinit*)
                [!provide]                PROVIDE (__noinit_end, .)
                0x00800165                _end = .
                [!provide]                PROVIDE (__heap_start, .)

.eeprom         0x00810000        0x0
 *(.eeprom*)
                0x00810000                __eeprom_end = .

.fuse
 *(.fuse)
 *(.lfuse)
 *(.hfuse)
 *(.efuse)

.lock
 *(.lock*)

.signature
 *(.signature*)

.user_signatures
 *(.user_signatures*)

.stab
 *(.stab)

.stabstr
 *(.stabstr)

.stab.excl
 *(.stab.excl)

.stab.exclstr
 *(.stab.exclstr)

.stab.index
 *(.stab.index)

.stab.indexstr
 *(.stab.indexstr)

.comment        0x00000000       0x30
 *(.comment)
 .comment       0x00000000       0x30 Ex6Funcs.o
                                 0x31 (size before relaxing)
 .comment       0x00000030       0x31 GPIO_Outputs.o
 .comment       0x00000030       0x31 LEDS.o
 .comment       0x00000030       0x31 main.o
 .comment       0x00000030       0x31 OLED.o
 .comment       0x00000030       0x31 OLED_Char_Map.o
 .comment       0x00000030       0x31 SPI.o
 .comment       0x00000030       0x31 UART.o
 .comment       0x00000030       0x31 UART_Print.o

.note.gnu.avr.deviceinfo
                0x00000000       0x40
 .note.gnu.avr.deviceinfo
                0x00000000       0x40 C:/Program Files (x86)/Atmel/Studio/7.0/Packs/atmel/ATmega_DFP/1.6.364/gcc/dev/atmega324pb/avr5/crtatmega324pb.o

.note.gnu.build-id
 *(.note.gnu.build-id)

.debug
 *(.debug)

.line
 *(.line)

.debug_srcinfo
 *(.debug_srcinfo)

.debug_sfnames
 *(.debug_sfnames)

.debug_aranges  0x00000000      0x1f0
 *(.debug_aranges)
 .debug_aranges
                0x00000000       0x38 Ex6Funcs.o
 .debug_aranges
                0x00000038       0x50 GPIO_Outputs.o
 .debug_aranges
                0x00000088       0x30 LEDS.o
 .debug_aranges
                0x000000b8       0x20 main.o
 .debug_aranges
                0x000000d8       0x68 OLED.o
 .debug_aranges
                0x00000140       0x18 OLED_Char_Map.o
 .debug_aranges
                0x00000158       0x38 SPI.o
 .debug_aranges
                0x00000190       0x30 UART.o
 .debug_aranges
                0x000001c0       0x30 UART_Print.o

.debug_pubnames
 *(.debug_pubnames)

.debug_info     0x00000000     0x3199
 *(.debug_info .gnu.linkonce.wi.*)
 .debug_info    0x00000000      0x9bb C:/Program Files (x86)/Atmel/Studio/7.0/Packs/atmel/ATmega_DFP/1.6.364/gcc/dev/atmega324pb/avr5/crtatmega324pb.o
 .debug_info    0x000009bb      0x3ec Ex6Funcs.o
 .debug_info    0x00000da7      0x261 GPIO_Outputs.o
 .debug_info    0x00001008      0x1e8 LEDS.o
 .debug_info    0x000011f0      0x738 main.o
 .debug_info    0x00001928     0x1004 OLED.o
 .debug_info    0x0000292c       0x9a OLED_Char_Map.o
 .debug_info    0x000029c6      0x339 SPI.o
 .debug_info    0x00002cff      0x1d1 UART.o
 .debug_info    0x00002ed0      0x2c9 UART_Print.o

.debug_abbrev   0x00000000     0x1354
 *(.debug_abbrev)
 .debug_abbrev  0x00000000      0x934 C:/Program Files (x86)/Atmel/Studio/7.0/Packs/atmel/ATmega_DFP/1.6.364/gcc/dev/atmega324pb/avr5/crtatmega324pb.o
 .debug_abbrev  0x00000934      0x15b Ex6Funcs.o
 .debug_abbrev  0x00000a8f       0xe4 GPIO_Outputs.o
 .debug_abbrev  0x00000b73       0xb9 LEDS.o
 .debug_abbrev  0x00000c2c      0x1c6 main.o
 .debug_abbrev  0x00000df2      0x18d OLED.o
 .debug_abbrev  0x00000f7f       0x5d OLED_Char_Map.o
 .debug_abbrev  0x00000fdc      0x120 SPI.o
 .debug_abbrev  0x000010fc       0xf3 UART.o
 .debug_abbrev  0x000011ef      0x165 UART_Print.o

.debug_line     0x00000000     0x1487
 *(.debug_line .debug_line.* .debug_line_end)
 .debug_line    0x00000000      0x1ca C:/Program Files (x86)/Atmel/Studio/7.0/Packs/atmel/ATmega_DFP/1.6.364/gcc/dev/atmega324pb/avr5/crtatmega324pb.o
 .debug_line    0x000001ca      0x27f Ex6Funcs.o
 .debug_line    0x00000449      0x157 GPIO_Outputs.o
 .debug_line    0x000005a0       0xf1 LEDS.o
 .debug_line    0x00000691      0x22b main.o
 .debug_line    0x000008bc      0x561 OLED.o
 .debug_line    0x00000e1d       0x94 OLED_Char_Map.o
 .debug_line    0x00000eb1      0x30d SPI.o
 .debug_line    0x000011be      0x138 UART.o
 .debug_line    0x000012f6      0x191 UART_Print.o

.debug_frame    0x00000000      0x434
 *(.debug_frame)
 .debug_frame   0x00000000       0xb4 Ex6Funcs.o
 .debug_frame   0x000000b4       0x84 GPIO_Outputs.o
 .debug_frame   0x00000138       0x44 LEDS.o
 .debug_frame   0x0000017c       0x24 main.o
 .debug_frame   0x000001a0      0x170 OLED.o
 .debug_frame   0x00000310       0x64 SPI.o
 .debug_frame   0x00000374       0x50 UART.o
 .debug_frame   0x000003c4       0x70 UART_Print.o

.debug_str      0x00000000      0x9d0
 *(.debug_str)
 .debug_str     0x00000000      0x35a C:/Program Files (x86)/Atmel/Studio/7.0/Packs/atmel/ATmega_DFP/1.6.364/gcc/dev/atmega324pb/avr5/crtatmega324pb.o
 .debug_str     0x0000035a      0x2af Ex6Funcs.o
                                0x2eb (size before relaxing)
 .debug_str     0x00000609       0x6d GPIO_Outputs.o
                                0x224 (size before relaxing)
 .debug_str     0x00000676       0x16 LEDS.o
                                0x202 (size before relaxing)
 .debug_str     0x0000068c      0x13e main.o
                                0x3c7 (size before relaxing)
 .debug_str     0x000007ca      0x107 OLED.o
                                0x335 (size before relaxing)
 .debug_str     0x000008d1       0x15 OLED_Char_Map.o
                                0x196 (size before relaxing)
 .debug_str     0x000008e6       0x6f SPI.o
                                0x262 (size before relaxing)
 .debug_str     0x00000955       0x53 UART.o
                                0x208 (size before relaxing)
 .debug_str     0x000009a8       0x28 UART_Print.o
                                0x281 (size before relaxing)

.debug_loc      0x00000000     0x1334
 *(.debug_loc)
 .debug_loc     0x00000000      0x20a Ex6Funcs.o
 .debug_loc     0x0000020a      0x150 GPIO_Outputs.o
 .debug_loc     0x0000035a       0xd5 LEDS.o
 .debug_loc     0x0000042f       0x70 main.o
 .debug_loc     0x0000049f      0x745 OLED.o
 .debug_loc     0x00000be4      0x3d3 SPI.o
 .debug_loc     0x00000fb7       0xdb UART.o
 .debug_loc     0x00001092      0x2a2 UART_Print.o

.debug_macinfo
 *(.debug_macinfo)

.debug_weaknames
 *(.debug_weaknames)

.debug_funcnames
 *(.debug_funcnames)

.debug_typenames
 *(.debug_typenames)

.debug_varnames
 *(.debug_varnames)

.debug_pubtypes
 *(.debug_pubtypes)

.debug_ranges   0x00000000      0x158
 *(.debug_ranges)
 .debug_ranges  0x00000000       0x28 Ex6Funcs.o
 .debug_ranges  0x00000028       0x40 GPIO_Outputs.o
 .debug_ranges  0x00000068       0x20 LEDS.o
 .debug_ranges  0x00000088       0x10 main.o
 .debug_ranges  0x00000098       0x58 OLED.o
 .debug_ranges  0x000000f0       0x28 SPI.o
 .debug_ranges  0x00000118       0x20 UART.o
 .debug_ranges  0x00000138       0x20 UART_Print.o

.debug_macro
 *(.debug_macro)
OUTPUT(Exp6_example.elf elf32-avr)
LOAD linker stubs
